
======================================================================
C:/audio-monitor/.venv/Scripts/python.exe : Traceback (most 
recent call last):
En línea: 1 Carácter: 1
+ C:/audio-monitor/.venv/Scripts/python.exe 
test_device_registry.py > t ...
+ ~~~~~~~~~~~~~~~~~~~~~~~~~~~~~~~~~~~~~~~~~~~~~~~~~~~~~~~~~~
~~~~~~~~~~~
    + CategoryInfo          : NotSpecified: (Traceback (mos 
   t recent call last)::String) [], RemoteException
    + FullyQualifiedErrorId : NativeCommandError
 
  File "C:\audio-monitor\test_device_registry.py", line 
290, in <module>
    exit_code = run_all_tests()
  File "C:\audio-monitor\test_device_registry.py", line 
248, in run_all_tests
    print("\U0001f9ea TESTS DEL DEVICE REGISTRY")
    ~~~~~^^^^^^^^^^^^^^^^^^^^^^^^^^^^^^^^
  File "C:\Users\Gabri\AppData\Local\Python\pythoncore-3.14-
64\Lib\encodings\cp1252.py", line 19, in encode
    return 
codecs.charmap_encode(input,self.errors,encoding_table)[0]
           
~~~~~~~~~~~~~~~~~~~~~^^^^^^^^^^^^^^^^^^^^^^^^^^^^^^^^^^
UnicodeEncodeError: 'charmap' codec can't encode character 
'\U0001f9ea' in position 0: character maps to <undefined>
